// Jest Snapshot v1, https://goo.gl/fbAQLP

exports[`测试默认button 1`] = `[Function]`;
