// Jest Snapshot v1, https://goo.gl/fbAQLP

exports[`test card html 1`] = `[Function]`;
